<html>
<body>
<pre>
<h1>µVision Build Log</h1>
<h2>Project:</h2>
Z:\Users\newtronair\ES 2023BCS0192\Keil\Projectlpc2148assm\projectarmassm.uvproj
Project File Date:  03/29/2026

<h2>Output:</h2>
Build target 'Target 1'
linking...
Program Size: Code=92 RO-data=0 RW-data=0 ZI-data=0  
FromELF: creating hex file...
".\projectarmassm.axf" - 0 Error(s), 0 Warning(s).
</pre>
</body>
</html>
ing(s).
or: A1167E: Invalid line start 
waterlevelcontrol.s(46): error: A1167E: Invalid line start 
".\projectarmassm.axf" - 4 Error(s), 0 Warning(s).
Target not created
