<!doctype html public "-//w3c//dtd html 4.0 transitional//en">
<html><head>
<title>Static Call Graph - [.\projectarmassm.axf]</title></head>
<body><HR>
<H1>Static Call Graph for image .\projectarmassm.axf</H1><HR>
<BR><P>#&#060CALLGRAPH&#062# ARM Linker, 5.03 [Build 76]: Last Updated: Sun Mar 29 21:36:03 2026
<BR><P>
<H3>Maximum Stack Usage =          0 bytes + Unknown(Functions without stacksize)</H3><H3>
Call chain for Maximum Stack Depth:</H3>

<P>
<H3>
Functions with no stack information
</H3><UL>
 <LI><a href="#[0]">__main</a>
</UL>
</UL>
<P>
<H3>
Global Symbols
</H3>
<P><STRONG><a name="[0]"></a>__main</STRONG> (ARM, 0 bytes, Stack size unknown bytes, waterlevelcontrol.o(WATER_CTRL))
<P>
<H3>
Local Symbols
</H3><P>
<H3>
Undefined Global Symbols
</H3><HR></body></html>
