<html>
<body>
<pre>
<h1>µVision Build Log</h1>
<h2>Project:</h2>
Z:\Users\newtronair\ES 2023BCS0192\Keil\Projectlpc2148c\waterlevelcontrol.uvproj
Project File Date:  03/29/2026

<h2>Output:</h2>
Build target 'Target 1'
compiling waterlevelcontroller.c...
waterlevelcontroller.c(36): warning:  #1-D: last line of file ends without a newline
  }
waterlevelcontroller.c: 1 warning, 0 errors
linking...
Program Size: Code=508 RO-data=16 RW-data=0 ZI-data=1256  
FromELF: creating hex file...
".\waterlevelcontrol.axf" - 0 Error(s), 1 Warning(s).
</pre>
</body>
</html>
